node g002  date Sun Sep 20 11:12:26 -05 2026
########## keep an encoder for every dataset, then re-export the demo data ##########
[skip] distilbert__ag_news__A_baseline already done
[skip] bert__ag_news__A_baseline already done

=== distilbert__sst2__A_baseline ===
Using the latest cached version of the dataset since nyu-mll/glue couldn't be found on the Hugging Face Hub (offline mode is enabled).
Found the latest cached dataset configuration 'sst2' at /home/ricardo.acuna/.cache/huggingface/datasets/nyu-mll___glue/sst2/0.0.0/bcdcba79d07bc864c1c254ccfcedcce55bcc9a8c (last modified on Sat Sep 19 21:49:44 2026).
Using the latest cached version of the dataset since nyu-mll/glue couldn't be found on the Hugging Face Hub (offline mode is enabled).
Found the latest cached dataset configuration 'sst2' at /home/ricardo.acuna/.cache/huggingface/datasets/nyu-mll___glue/sst2/0.0.0/bcdcba79d07bc864c1c254ccfcedcce55bcc9a8c (last modified on Sat Sep 19 21:49:44 2026).
  train 63981  val 3368  test 872
  params total 66,955,010  trainable 66,955,010
  step   333/3998  train 0.4033  val 0.2584
  step   666/3998  train 0.2589  val 0.2295
  step   999/3998  train 0.2271  val 0.2030
  step  1332/3998  train 0.1971  val 0.1911
  step  1665/3998  train 0.1922  val 0.1766
  step  1998/3998  train 0.1700  val 0.1719
  step  2331/3998  train 0.1211  val 0.1761
  step  2664/3998  train 0.1238  val 0.1637
  step  2997/3998  train 0.1159  val 0.1698
  step  3330/3998  train 0.1153  val 0.1743
  step  3663/3998  train 0.1136  val 0.1648
  step  3996/3998  train 0.1123  val 0.1653
  step  3998/3998  train 0.1170  val 0.1653
  accuracy 0.9037  f1_macro 0.9036  saved artifacts/results/distilbert__sst2__A_baseline.json

=== bert__sst2__A_baseline ===
Using the latest cached version of the dataset since nyu-mll/glue couldn't be found on the Hugging Face Hub (offline mode is enabled).
Found the latest cached dataset configuration 'sst2' at /home/ricardo.acuna/.cache/huggingface/datasets/nyu-mll___glue/sst2/0.0.0/bcdcba79d07bc864c1c254ccfcedcce55bcc9a8c (last modified on Sat Sep 19 21:49:44 2026).
Using the latest cached version of the dataset since nyu-mll/glue couldn't be found on the Hugging Face Hub (offline mode is enabled).
Found the latest cached dataset configuration 'sst2' at /home/ricardo.acuna/.cache/huggingface/datasets/nyu-mll___glue/sst2/0.0.0/bcdcba79d07bc864c1c254ccfcedcce55bcc9a8c (last modified on Sat Sep 19 21:49:44 2026).
  train 63981  val 3368  test 872
  params total 110,074,370  trainable 110,074,370
  step   333/3998  train 0.4003  val 0.2497
  step   666/3998  train 0.2407  val 0.2223
  step   999/3998  train 0.2034  val 0.1838
  step  1332/3998  train 0.1813  val 0.1771
  step  1665/3998  train 0.1796  val 0.1527
  step  1998/3998  train 0.1617  val 0.1472
  step  2331/3998  train 0.1086  val 0.1621
  step  2664/3998  train 0.1142  val 0.1608
  step  2997/3998  train 0.1038  val 0.1594
  step  3330/3998  train 0.1038  val 0.1554
  step  3663/3998  train 0.0997  val 0.1587
  step  3996/3998  train 0.0976  val 0.1590
  step  3998/3998  train 0.0596  val 0.1590
  accuracy 0.9266  f1_macro 0.9265  saved artifacts/results/bert__sst2__A_baseline.json

=== distilbert__yelp_polarity__A_baseline ===
Using the latest cached version of the dataset since fancyzhx/yelp_polarity couldn't be found on the Hugging Face Hub (offline mode is enabled).
Found the latest cached dataset configuration 'plain_text' at /home/ricardo.acuna/.cache/huggingface/datasets/fancyzhx___yelp_polarity/plain_text/0.0.0/bbf1c97a1f0cf005e5aded43839fd814654a1557 (last modified on Sat Sep 19 22:00:50 2026).
Using the latest cached version of the dataset since fancyzhx/yelp_polarity couldn't be found on the Hugging Face Hub (offline mode is enabled).
Found the latest cached dataset configuration 'plain_text' at /home/ricardo.acuna/.cache/huggingface/datasets/fancyzhx___yelp_polarity/plain_text/0.0.0/bbf1c97a1f0cf005e5aded43839fd814654a1557 (last modified on Sat Sep 19 22:00:50 2026).
  train 95000  val 5000  test 10000
  params total 66,955,010  trainable 66,955,010
  step   494/5936  train 0.2968  val 0.1845
  step   988/5936  train 0.1705  val 0.1824
  step  1482/5936  train 0.1431  val 0.1814
  step  1976/5936  train 0.1429  val 0.1560
  step  2470/5936  train 0.1355  val 0.1612
  step  2964/5936  train 0.1316  val 0.1436
  step  3458/5936  train 0.0862  val 0.1545
  step  3952/5936  train 0.0897  val 0.1593
  step  4446/5936  train 0.0786  val 0.1628
  step  4940/5936  train 0.0795  val 0.1619
  step  5434/5936  train 0.0820  val 0.1599
  step  5928/5936  train 0.0802  val 0.1603
  step  5936/5936  train 0.0252  val 0.1603
  accuracy 0.9628  f1_macro 0.9628  saved artifacts/results/distilbert__yelp_polarity__A_baseline.json

=== bert__yelp_polarity__A_baseline ===
Using the latest cached version of the dataset since fancyzhx/yelp_polarity couldn't be found on the Hugging Face Hub (offline mode is enabled).
Found the latest cached dataset configuration 'plain_text' at /home/ricardo.acuna/.cache/huggingface/datasets/fancyzhx___yelp_polarity/plain_text/0.0.0/bbf1c97a1f0cf005e5aded43839fd814654a1557 (last modified on Sat Sep 19 22:00:50 2026).
Using the latest cached version of the dataset since fancyzhx/yelp_polarity couldn't be found on the Hugging Face Hub (offline mode is enabled).
Found the latest cached dataset configuration 'plain_text' at /home/ricardo.acuna/.cache/huggingface/datasets/fancyzhx___yelp_polarity/plain_text/0.0.0/bbf1c97a1f0cf005e5aded43839fd814654a1557 (last modified on Sat Sep 19 22:00:50 2026).
  train 95000  val 5000  test 10000
  params total 110,074,370  trainable 110,074,370
  step   494/5936  train 0.2879  val 0.1570
  step   988/5936  train 0.1581  val 0.1573
  step  1482/5936  train 0.1335  val 0.1412
  step  1976/5936  train 0.1281  val 0.1503
  step  2470/5936  train 0.1249  val 0.1385
  step  2964/5936  train 0.1202  val 0.1242
  step  3458/5936  train 0.0710  val 0.1390
  step  3952/5936  train 0.0747  val 0.1440
  step  4446/5936  train 0.0662  val 0.1338
  step  4940/5936  train 0.0642  val 0.1553
  step  5434/5936  train 0.0699  val 0.1355
  step  5928/5936  train 0.0652  val 0.1377
  step  5936/5936  train 0.0180  val 0.1378
  accuracy 0.9660  f1_macro 0.9660  saved artifacts/results/bert__yelp_polarity__A_baseline.json

=== distilbert__yelp_full__A_baseline ===
Using the latest cached version of the dataset since Yelp/yelp_review_full couldn't be found on the Hugging Face Hub (offline mode is enabled).
Found the latest cached dataset configuration 'yelp_review_full' at /home/ricardo.acuna/.cache/huggingface/datasets/Yelp___yelp_review_full/yelp_review_full/0.0.0/c1f9ee939b7d05667af864ee1cb066393154bf85 (last modified on Sat Sep 19 22:20:05 2026).
Using the latest cached version of the dataset since Yelp/yelp_review_full couldn't be found on the Hugging Face Hub (offline mode is enabled).
Found the latest cached dataset configuration 'yelp_review_full' at /home/ricardo.acuna/.cache/huggingface/datasets/Yelp___yelp_review_full/yelp_review_full/0.0.0/c1f9ee939b7d05667af864ee1cb066393154bf85 (last modified on Sat Sep 19 22:20:05 2026).
  train 95000  val 5000  test 10000
  params total 66,957,317  trainable 66,957,317
  step   494/5936  train 1.1699  val 0.9879
  step   988/5936  train 0.9398  val 0.9324
  step  1482/5936  train 0.9042  val 0.8819
  step  1976/5936  train 0.8789  val 0.8668
  step  2470/5936  train 0.8586  val 0.8577
  step  2964/5936  train 0.8351  val 0.8511
  step  3458/5936  train 0.7536  val 0.8555
  step  3952/5936  train 0.7459  val 0.8635
  step  4446/5936  train 0.7486  val 0.8337
  step  4940/5936  train 0.7425  val 0.8470
  step  5434/5936  train 0.7422  val 0.8341
  step  5928/5936  train 0.7526  val 0.8208
  step  5936/5936  train 0.7550  val 0.8209
  accuracy 0.6491  f1_macro 0.6486  saved artifacts/results/distilbert__yelp_full__A_baseline.json

=== bert__yelp_full__A_baseline ===
Using the latest cached version of the dataset since Yelp/yelp_review_full couldn't be found on the Hugging Face Hub (offline mode is enabled).
Found the latest cached dataset configuration 'yelp_review_full' at /home/ricardo.acuna/.cache/huggingface/datasets/Yelp___yelp_review_full/yelp_review_full/0.0.0/c1f9ee939b7d05667af864ee1cb066393154bf85 (last modified on Sat Sep 19 22:20:05 2026).
Using the latest cached version of the dataset since Yelp/yelp_review_full couldn't be found on the Hugging Face Hub (offline mode is enabled).
Found the latest cached dataset configuration 'yelp_review_full' at /home/ricardo.acuna/.cache/huggingface/datasets/Yelp___yelp_review_full/yelp_review_full/0.0.0/c1f9ee939b7d05667af864ee1cb066393154bf85 (last modified on Sat Sep 19 22:20:05 2026).
  train 95000  val 5000  test 10000
  params total 110,076,677  trainable 110,076,677
  step   494/5936  train 1.1460  val 0.9497
  step   988/5936  train 0.9134  val 0.8882
  step  1482/5936  train 0.8732  val 0.8754
  step  1976/5936  train 0.8487  val 0.8384
  step  2470/5936  train 0.8381  val 0.8286
  step  2964/5936  train 0.8114  val 0.8226
  step  3458/5936  train 0.7149  val 0.8301
  step  3952/5936  train 0.7027  val 0.8361
  step  4446/5936  train 0.7049  val 0.8192
  step  4940/5936  train 0.6980  val 0.8304
  step  5434/5936  train 0.6985  val 0.8210
  step  5928/5936  train 0.7107  val 0.8035
  step  5936/5936  train 0.7062  val 0.8034
  accuracy 0.6595  f1_macro 0.6586  saved artifacts/results/bert__yelp_full__A_baseline.json
embedding words with both pretrained backbones
  mean neighbour overlap 7.315/10, CKA 0.8977
  topic purity: BERT 0.6873, DistilBERT 0.7222
  alignment by depth (distil layer, bert layer, CKA, overlap):
    D0 B0: CKA 0.977  overlap 8.60
    D1 B2: CKA 0.932  overlap 7.58
    D2 B4: CKA 0.900  overlap 6.74
    D3 B6: CKA 0.838  overlap 5.79
    D4 B8: CKA 0.779  overlap 5.18
    D5 B10: CKA 0.705  overlap 4.53
    D6 B12: CKA 0.578  overlap 3.80
  validated: 496 words, every neighbour list complete and consistent
Using the latest cached version of the dataset since fancyzhx/ag_news couldn't be found on the Hugging Face Hub (offline mode is enabled).
Found the latest cached dataset configuration 'default' at /home/ricardo.acuna/.cache/huggingface/datasets/fancyzhx___ag_news/default/0.0.0/eb185aade064a813bc0b7f42de02595523103ca4 (last modified on Sat Sep 19 23:20:10 2026).
  embedding 1000 ag_news sentences with both fine tuned encoders
    CKA 0.9753  neighbour overlap 4.753/10
Using the latest cached version of the dataset since nyu-mll/glue couldn't be found on the Hugging Face Hub (offline mode is enabled).
Found the latest cached dataset configuration 'sst2' at /home/ricardo.acuna/.cache/huggingface/datasets/nyu-mll___glue/sst2/0.0.0/bcdcba79d07bc864c1c254ccfcedcce55bcc9a8c (last modified on Sat Sep 19 21:49:44 2026).
  embedding 872 sst2 sentences with both fine tuned encoders
    CKA 0.9466  neighbour overlap 3.03/10
Using the latest cached version of the dataset since fancyzhx/yelp_polarity couldn't be found on the Hugging Face Hub (offline mode is enabled).
Found the latest cached dataset configuration 'plain_text' at /home/ricardo.acuna/.cache/huggingface/datasets/fancyzhx___yelp_polarity/plain_text/0.0.0/bbf1c97a1f0cf005e5aded43839fd814654a1557 (last modified on Sat Sep 19 22:00:50 2026).
  embedding 1000 yelp_polarity sentences with both fine tuned encoders
    CKA 0.9681  neighbour overlap 2.797/10
Using the latest cached version of the dataset since Yelp/yelp_review_full couldn't be found on the Hugging Face Hub (offline mode is enabled).
Found the latest cached dataset configuration 'yelp_review_full' at /home/ricardo.acuna/.cache/huggingface/datasets/Yelp___yelp_review_full/yelp_review_full/0.0.0/c1f9ee939b7d05667af864ee1cb066393154bf85 (last modified on Sat Sep 19 22:20:05 2026).
  embedding 1000 yelp_full sentences with both fine tuned encoders
    CKA 0.9533  neighbour overlap 3.577/10
  summary rows: 8
web data written to web/data
done Sun Sep 20 11:57:23 -05 2026
