node ds001  date Sun Sep 20 00:02:31 -05 2026
########## EPOCH STUDY: four epochs, scored at every boundary ##########

=== distilbert__sst2__A_baseline__ep4 ===
Using the latest cached version of the dataset since nyu-mll/glue couldn't be found on the Hugging Face Hub (offline mode is enabled).
Found the latest cached dataset configuration 'sst2' at /home/ricardo.acuna/.cache/huggingface/datasets/nyu-mll___glue/sst2/0.0.0/bcdcba79d07bc864c1c254ccfcedcce55bcc9a8c (last modified on Sat Sep 19 21:49:44 2026).
Using the latest cached version of the dataset since nyu-mll/glue couldn't be found on the Hugging Face Hub (offline mode is enabled).
Found the latest cached dataset configuration 'sst2' at /home/ricardo.acuna/.cache/huggingface/datasets/nyu-mll___glue/sst2/0.0.0/bcdcba79d07bc864c1c254ccfcedcce55bcc9a8c (last modified on Sat Sep 19 21:49:44 2026).
  train 63981  val 3368  test 872
  params total 66,955,010  trainable 66,955,010
  step   666/7996  train 0.3537  val 0.2350
  step  1332/7996  train 0.2217  val 0.1953
  step  1998/7996  train 0.1861  val 0.1717
  [epoch 1] val f1 0.9424  test f1 0.9048
  step  2664/7996  train 0.1236  val 0.1802
  step  3330/7996  train 0.1245  val 0.1685
  step  3996/7996  train 0.1246  val 0.1488
  [epoch 2] val f1 0.9474  test f1 0.9035
  step  4662/7996  train 0.0846  val 0.1902
  step  5328/7996  train 0.0831  val 0.1763
  step  5994/7996  train 0.0845  val 0.1903
  [epoch 3] val f1 0.9501  test f1 0.9048
  step  6660/7996  train 0.0590  val 0.2177
  step  7326/7996  train 0.0604  val 0.2132
  step  7992/7996  train 0.0570  val 0.2192
  step  7996/7996  train 0.0034  val 0.2192
  [epoch 4] val f1 0.9486  test f1 0.9001
  accuracy 0.9002  f1_macro 0.9001  saved artifacts/results/distilbert__sst2__A_baseline__ep4.json

=== bert__sst2__A_baseline__ep4 ===
Using the latest cached version of the dataset since nyu-mll/glue couldn't be found on the Hugging Face Hub (offline mode is enabled).
Found the latest cached dataset configuration 'sst2' at /home/ricardo.acuna/.cache/huggingface/datasets/nyu-mll___glue/sst2/0.0.0/bcdcba79d07bc864c1c254ccfcedcce55bcc9a8c (last modified on Sat Sep 19 21:49:44 2026).
Using the latest cached version of the dataset since nyu-mll/glue couldn't be found on the Hugging Face Hub (offline mode is enabled).
Found the latest cached dataset configuration 'sst2' at /home/ricardo.acuna/.cache/huggingface/datasets/nyu-mll___glue/sst2/0.0.0/bcdcba79d07bc864c1c254ccfcedcce55bcc9a8c (last modified on Sat Sep 19 21:49:44 2026).
  train 63981  val 3368  test 872
  params total 110,074,370  trainable 110,074,370
  step   666/7996  train 0.3530  val 0.2231
  step  1332/7996  train 0.2012  val 0.1784
  step  1998/7996  train 0.1758  val 0.1514
  [epoch 1] val f1 0.9462  test f1 0.9254
  step  2664/7996  train 0.1129  val 0.1981
  step  3330/7996  train 0.1183  val 0.1695
  step  3996/7996  train 0.1179  val 0.1350
  [epoch 2] val f1 0.9525  test f1 0.9232
  step  4662/7996  train 0.0738  val 0.1859
  step  5328/7996  train 0.0701  val 0.2003
  step  5994/7996  train 0.0769  val 0.1876
  [epoch 3] val f1 0.9531  test f1 0.9312
  step  6660/7996  train 0.0471  val 0.2173
  step  7326/7996  train 0.0478  val 0.2088
  step  7992/7996  train 0.0459  val 0.2145
  step  7996/7996  train 0.0119  val 0.2147
  [epoch 4] val f1 0.9537  test f1 0.9265
  accuracy 0.9266  f1_macro 0.9265  saved artifacts/results/bert__sst2__A_baseline__ep4.json

=== distilbert__ag_news__A_baseline__ep4 ===
Using the latest cached version of the dataset since fancyzhx/ag_news couldn't be found on the Hugging Face Hub (offline mode is enabled).
Found the latest cached dataset configuration 'default' at /home/ricardo.acuna/.cache/huggingface/datasets/fancyzhx___ag_news/default/0.0.0/eb185aade064a813bc0b7f42de02595523103ca4 (last modified on Sat Sep 19 23:20:10 2026).
Using the latest cached version of the dataset since fancyzhx/ag_news couldn't be found on the Hugging Face Hub (offline mode is enabled).
Found the latest cached dataset configuration 'default' at /home/ricardo.acuna/.cache/huggingface/datasets/fancyzhx___ag_news/default/0.0.0/eb185aade064a813bc0b7f42de02595523103ca4 (last modified on Sat Sep 19 23:20:10 2026).
  train 114000  val 6000  test 7600
  params total 66,956,548  trainable 66,956,548
  step  1187/14248  train 0.4111  val 0.2296
  step  2374/14248  train 0.2134  val 0.2145
  step  3561/14248  train 0.1916  val 0.1967
  [epoch 1] val f1 0.9348  test f1 0.9395
  step  4748/14248  train 0.1405  val 0.1979
  step  5935/14248  train 0.1462  val 0.1952
  step  7122/14248  train 0.1320  val 0.1908
  [epoch 2] val f1 0.9437  test f1 0.9469
  step  8309/14248  train 0.0961  val 0.2166
  step  9496/14248  train 0.0941  val 0.2144
  step 10683/14248  train 0.0917  val 0.2379
  [epoch 3] val f1 0.9382  test f1 0.9436
  step 11870/14248  train 0.0631  val 0.2723
  step 13057/14248  train 0.0674  val 0.2597
  step 14244/14248  train 0.0608  val 0.2687
  step 14248/14248  train 0.0145  val 0.2687
  [epoch 4] val f1 0.9406  test f1 0.9437
  accuracy 0.9437  f1_macro 0.9437  saved artifacts/results/distilbert__ag_news__A_baseline__ep4.json

=== bert__ag_news__A_baseline__ep4 ===
Using the latest cached version of the dataset since fancyzhx/ag_news couldn't be found on the Hugging Face Hub (offline mode is enabled).
Found the latest cached dataset configuration 'default' at /home/ricardo.acuna/.cache/huggingface/datasets/fancyzhx___ag_news/default/0.0.0/eb185aade064a813bc0b7f42de02595523103ca4 (last modified on Sat Sep 19 23:20:10 2026).
Using the latest cached version of the dataset since fancyzhx/ag_news couldn't be found on the Hugging Face Hub (offline mode is enabled).
Found the latest cached dataset configuration 'default' at /home/ricardo.acuna/.cache/huggingface/datasets/fancyzhx___ag_news/default/0.0.0/eb185aade064a813bc0b7f42de02595523103ca4 (last modified on Sat Sep 19 23:20:10 2026).
  train 114000  val 6000  test 7600
  params total 110,075,908  trainable 110,075,908
  step  1187/14248  train 0.4048  val 0.2398
  step  2374/14248  train 0.2052  val 0.2156
  step  3561/14248  train 0.1870  val 0.1858
  [epoch 1] val f1 0.9412  test f1 0.9433
  step  4748/14248  train 0.1365  val 0.1996
  step  5935/14248  train 0.1417  val 0.1929
  step  7122/14248  train 0.1261  val 0.1937
  [epoch 2] val f1 0.9417  test f1 0.9459
  step  8309/14248  train 0.0881  val 0.2258
  step  9496/14248  train 0.0892  val 0.2101
  step 10683/14248  train 0.0866  val 0.2167
  [epoch 3] val f1 0.9436  test f1 0.9454
  step 11870/14248  train 0.0547  val 0.2718
  step 13057/14248  train 0.0575  val 0.2525
  step 14244/14248  train 0.0552  val 0.2556
  step 14248/14248  train 0.0377  val 0.2555
  [epoch 4] val f1 0.9433  test f1 0.9461
  accuracy 0.9461  f1_macro 0.9461  saved artifacts/results/bert__ag_news__A_baseline__ep4.json
done Sun Sep 20 00:40:55 -05 2026
